2 goals
⊢ list.nil = list.nil

h : ℕ,
t : list ℕ,
iH : t.concat list.nil = t
⊢ (h :: t).concat list.nil = h :: t
------
h : ℕ,
t : list ℕ,
iH : t.concat list.nil = t
⊢ h :: t.concat list.nil = h :: t
